../Core/Inc/rgb_lcd.h:108:13:rgb_lcd_setColorAll	16	static
../Core/Inc/rgb_lcd.h:111:13:rgb_lcd_setColorWhite	16	static
../Core/Src/rgb_lcd.c:15:6:rgb_lcd_i2c_send_byteS	32	static
../Core/Src/rgb_lcd.c:19:6:rgb_lcd_init	16	static
../Core/Src/rgb_lcd.c:28:6:rgb_lcd_begin	40	static
../Core/Src/rgb_lcd.c:105:6:rgb_lcd_clear	24	static
../Core/Src/rgb_lcd.c:110:6:rgb_lcd_home	24	static
../Core/Src/rgb_lcd.c:115:6:rgb_lcd_setCursor	24	static
../Core/Src/rgb_lcd.c:125:6:rgb_lcd_noDisplay	16	static
../Core/Src/rgb_lcd.c:130:6:rgb_lcd_display	16	static
../Core/Src/rgb_lcd.c:136:6:rgb_lcd_noCursor	16	static
../Core/Src/rgb_lcd.c:141:6:rgb_lcd_cursor	16	static
../Core/Src/rgb_lcd.c:147:6:rgb_lcd_noBlink	16	static
../Core/Src/rgb_lcd.c:151:6:rgb_lcd_blink	16	static
../Core/Src/rgb_lcd.c:157:6:rgb_lcd_scrollDisplayLeft	16	static
../Core/Src/rgb_lcd.c:160:6:rgb_lcd_scrollDisplayRight	16	static
../Core/Src/rgb_lcd.c:165:6:rgb_lcd_leftToRight	16	static
../Core/Src/rgb_lcd.c:171:6:rgb_lcd_rightToLeft	16	static
../Core/Src/rgb_lcd.c:177:6:rgb_lcd_autoscroll	16	static
../Core/Src/rgb_lcd.c:183:6:rgb_lcd_noAutoscroll	16	static
../Core/Src/rgb_lcd.c:190:6:rgb_lcd_createChar	40	static
../Core/Src/rgb_lcd.c:205:6:rgb_lcd_blinkLED	16	static
../Core/Src/rgb_lcd.c:226:6:rgb_lcd_noBlinkLED	16	static
../Core/Src/rgb_lcd.c:241:13:rgb_lcd_command	24	static
../Core/Src/rgb_lcd.c:247:15:rgb_lcd_write	24	static
../Core/Src/rgb_lcd.c:254:13:rgb_lcd_print	32	static
../Core/Src/rgb_lcd.c:261:6:rgb_lcd_setReg	40	static
../Core/Src/rgb_lcd.c:266:6:rgb_lcd_setRGB	24	static
../Core/Src/rgb_lcd.c:281:6:rgb_lcd_setPWM	24	static
../Core/Src/rgb_lcd.c:308:6:rgb_lcd_setColor	24	static
